// Jest Snapshot v1, https://goo.gl/fbAQLP

exports[`can initialize a client 1`] = `Object {}`;
