// Jest Snapshot v1, https://goo.gl/fbAQLP

exports[`it will throw if the host keeps failing 1`] = `
"There are no hosts remaining for this app. 

You can retry this search, and it will try the hosts again. 

appID: some_throwing_app

see: https://alg.li/client#no-hosts-remaining"
`;
