// Jest Snapshot v1, https://goo.gl/fbAQLP

exports[`initPlaces contains the correct methods 1`] = `
Array [
  "getPlace",
  "getPlaces",
  "search",
  "requester",
]
`;

exports[`initPlaces throws when it has an appId 1`] = `
"Credentials not valid: you gave an API key (some_key), and appID (places)

initPlaces({\\"apiKey\\":\\"some_key\\"})"
`;

exports[`initPlaces throws when it has an appId 2`] = `
"Credentials not valid: you gave an API key (), and appID (some_app)

initPlaces({\\"appID\\":\\"some_app\\"})"
`;

exports[`places.search() works üê£ 1`] = `
Object {
  "body": Object {
    "params": Object {
      "query": "hello world",
    },
  },
  "connectTimeout": 1000,
  "method": "POST",
  "requestOptions": undefined,
  "timeout": 2000,
  "url": Object {
    "hostname": "places-dsn.algolia.net",
    "pathname": "/1/indexes/places/queryundefined",
  },
}
`;
