// Jest Snapshot v1, https://goo.gl/fbAQLP

exports[`index.search() works üê£ 1`] = `
Object {
  "apiKey": "some_key",
  "appId": "some_app",
  "body": Object {
    "params": Object {
      "query": "hello world",
    },
  },
  "connectTimeout": 1000,
  "method": "POST",
  "requestOptions": undefined,
  "timeout": 2000,
  "url": Object {
    "hostname": "some_app-dsn.algolia.net",
    "pathname": "/1/indexes/some_index/queryundefined",
  },
}
`;

exports[`initIndex contains the correct methods 1`] = `
Array [
  "addApiKey",
  "addObject",
  "addObjects",
  "batch",
  "batchRules",
  "batchSynonyms",
  "browse",
  "browseAll",
  "browseFrom",
  "clearRules",
  "clearSynonyms",
  "deleteApiKey",
  "deleteBy",
  "deleteObject",
  "deleteObjects",
  "deleteRule",
  "deleteSynonym",
  "getApiKey",
  "getObject",
  "getObjects",
  "getRule",
  "getSettings",
  "getSynonym",
  "listApiKeys",
  "partialUpdateObject",
  "partialUpdateObjects",
  "saveObject",
  "saveObjects",
  "saveRule",
  "saveSynonym",
  "search",
  "searchForFacetValues",
  "searchRules",
  "searchSynonyms",
  "setSettings",
  "updateApiKey",
  "waitTask",
  "requester",
  "httpRequester",
]
`;

exports[`initIndex throws when it has too little parameters 1`] = `
"An apiKey is required. undefined was not valid.

initIndex({\\"appId\\":\\"\\"})"
`;

exports[`initIndex throws when it has too little parameters 2`] = `
"An appId is required. undefined was not valid.
    
    initIndex({\\"apiKey\\":\\"\\"})"
`;

exports[`initIndex throws when it has too little parameters 3`] = `
"An indexName is required. undefined was not valid.

initIndex({\\"apiKey\\":\\"\\",\\"appId\\":\\"\\"})"
`;
